// Jest Snapshot v1, https://goo.gl/fbAQLP

exports[`integration doctype.html 1`] = `
"<!DOCTYPE html><html><head><title>Test Page</title></head>
        <body class=\\"lang-highlight\\">
        <pre class=\\"lang-highlight\\"><code class=\\"lang-js hljs javascript\\"><span class=\\"hljs-keyword\\">var</span> x = [<span class=\\"hljs-number\\">1</span>, <span class=\\"hljs-number\\">2</span>, <span class=\\"hljs-number\\">3</span>];</code></pre>
        <code class=\\"lang-bogus\\">What language is this?</code>
        
        
      </body></html>"
`;

exports[`integration escape.html 1`] = `"<code class=\\"lang-js hljs javascript\\"><span class=\\"hljs-literal\\">true</span> &amp;&amp; <span class=\\"hljs-literal\\">false</span></code>"`;

exports[`integration minimal.html 1`] = `"<code class=\\"lang-js hljs javascript\\"><span class=\\"hljs-literal\\">true</span></code>"`;

exports[`integration readme.html 1`] = `
"
        <p>Hello there.</p>
        <p class=\\"lang-highlight\\">
          Inline <code class=\\"lang-js hljs javascript\\"><span class=\\"hljs-built_in\\">document</span>.all</code>
        </p>
        <pre class=\\"lang-highlight\\">          <code class=\\"lang-coffeescript hljs\\">
            <span class=\\"hljs-built_in\\">require</span> <span class=\\"hljs-string\\">\\"fs\\"</span>
            <span class=\\"hljs-built_in\\">console</span>.log fs.readFileSync <span class=\\"hljs-string\\">\\"/etc/passwd\\"</span><span class=\\"hljs-string\\">'
          </span></code>
        </pre>
      "
`;
